2026-02-03 14:42:51,138 - INFO - PHASE 2A: ASSEMBLY STARTED
2026-02-03 14:42:51,138 - INFO - ----------------------------------------
2026-02-03 14:42:51,423 - INFO - Found 33 VIIRS files to process.
2026-02-03 14:42:51,636 - INFO - Loading VIIRS Scene: VNP21.A2025182.0930.002.2025182214322.nc
2026-02-03 14:42:53,420 - INFO - Quality Filter: Dropped 33.2% of pixels (Clouds/Poor QA).
2026-02-03 14:42:53,456 - INFO - Transforming coordinates to EPSG:32640...
2026-02-03 14:45:44,675 - INFO - Closing file handles...
2026-02-03 14:52:56,783 - INFO - PHASE 2A: ASSEMBLY STARTED
2026-02-03 14:52:56,784 - INFO - ----------------------------------------
2026-02-03 14:52:56,884 - INFO - Found 33 VIIRS files to process.
2026-02-03 14:52:56,921 - INFO - Loading VIIRS Scene: VNP21.A2025182.0930.002.2025182214322.nc
2026-02-03 14:52:58,703 - INFO - Quality Filter: Dropped 33.2% of pixels (Clouds/Poor QA).
2026-02-03 14:52:58,733 - INFO - Transforming coordinates to EPSG:32640...
2026-02-03 15:01:37,212 - INFO - Loading VIIRS Scene: VNP21.A2025185.1012.002.2025196201715.nc
2026-02-03 15:01:38,865 - INFO - Quality Filter: Dropped 43.7% of pixels (Clouds/Poor QA).
2026-02-03 15:01:38,889 - INFO - Transforming coordinates to EPSG:32640...
2026-02-03 15:03:15,116 - INFO - Loading VIIRS Scene: VNP21.A2025192.0942.002.2025203153250.nc
2026-02-03 15:03:16,704 - INFO - Quality Filter: Dropped 44.3% of pixels (Clouds/Poor QA).
2026-02-03 15:03:16,722 - INFO - Transforming coordinates to EPSG:32640...
2026-02-03 15:08:30,089 - INFO - Loading VIIRS Scene: VNP21.A2025196.1006.002.2025204114411.nc
2026-02-03 15:08:31,695 - INFO - Quality Filter: Dropped 45.0% of pixels (Clouds/Poor QA).
2026-02-03 15:08:31,720 - INFO - Transforming coordinates to EPSG:32640...
2026-02-03 15:11:56,402 - INFO - Loading VIIRS Scene: VNP21.A2025199.0912.002.2025205031136.nc
2026-02-03 15:11:58,582 - INFO - Quality Filter: Dropped 40.6% of pixels (Clouds/Poor QA).
2026-02-03 15:11:58,611 - INFO - Transforming coordinates to EPSG:32640...
2026-02-03 15:20:40,870 - INFO - Loading VIIRS Scene: VNP21.A2025202.0954.002.2025206060244.nc
2026-02-03 15:20:43,422 - INFO - Quality Filter: Dropped 39.9% of pixels (Clouds/Poor QA).
2026-02-03 15:20:43,461 - INFO - Transforming coordinates to EPSG:32640...
2026-02-03 15:27:26,327 - INFO - Loading VIIRS Scene: VNP21.A2025205.0900.002.2025206202701.nc
2026-02-03 15:27:28,644 - INFO - Quality Filter: Dropped 37.2% of pixels (Clouds/Poor QA).
2026-02-03 15:27:28,679 - INFO - Transforming coordinates to EPSG:32640...
2026-02-03 15:33:02,983 - INFO - Loading VIIRS Scene: VNP21.A2025207.1000.002.2025210081239.nc
2026-02-03 15:33:05,041 - INFO - Quality Filter: Dropped 42.2% of pixels (Clouds/Poor QA).
2026-02-03 15:33:05,069 - INFO - Transforming coordinates to EPSG:32640...
2026-02-03 15:38:33,663 - INFO - Loading VIIRS Scene: VNP21.A2025208.0942.002.2025210114824.nc
2026-02-03 15:38:35,929 - INFO - Quality Filter: Dropped 41.7% of pixels (Clouds/Poor QA).
2026-02-03 15:38:35,962 - INFO - Transforming coordinates to EPSG:32640...
2026-02-03 15:46:17,686 - INFO - Loading VIIRS Scene: VNP21.A2025209.0924.002.2025210141406.nc
2026-02-03 15:46:19,766 - INFO - Quality Filter: Dropped 43.1% of pixels (Clouds/Poor QA).
2026-02-03 15:46:19,806 - INFO - Transforming coordinates to EPSG:32640...
2026-02-03 21:23:50,175 - INFO - Loading VIIRS Scene: VNP21.A2025210.0906.002.2025211062052.nc
2026-02-03 21:23:52,864 - INFO - Quality Filter: Dropped 43.4% of pixels (Clouds/Poor QA).
2026-02-03 21:23:52,904 - INFO - Transforming coordinates to EPSG:32640...
2026-02-03 21:30:48,384 - INFO - Loading VIIRS Scene: VNP21.A2025213.0948.002.2025213221401.nc
2026-02-03 21:30:50,906 - INFO - Quality Filter: Dropped 45.2% of pixels (Clouds/Poor QA).
2026-02-03 21:30:50,939 - INFO - Transforming coordinates to EPSG:32640...
2026-02-03 21:38:09,028 - INFO - Loading VIIRS Scene: VNP21.A2025217.1012.002.2025217205209.nc
2026-02-03 21:38:11,681 - INFO - Quality Filter: Dropped 52.4% of pixels (Clouds/Poor QA).
2026-02-03 21:38:11,720 - INFO - Transforming coordinates to EPSG:32640...
2026-02-03 21:38:56,622 - INFO - Loading VIIRS Scene: VNP21.A2025219.0936.002.2025219202320.nc
2026-02-03 21:38:58,563 - INFO - Quality Filter: Dropped 38.1% of pixels (Clouds/Poor QA).
2026-02-03 21:38:58,593 - INFO - Transforming coordinates to EPSG:32640...
2026-02-03 21:48:13,519 - INFO - Loading VIIRS Scene: VNP21.A2025220.0918.002.2025220202854.nc
2026-02-03 21:48:15,832 - INFO - Quality Filter: Dropped 36.1% of pixels (Clouds/Poor QA).
2026-02-03 21:48:15,869 - INFO - Transforming coordinates to EPSG:32640...
2026-02-03 21:58:09,692 - INFO - Loading VIIRS Scene: VNP21.A2025223.1000.002.2025225172851.nc
2026-02-03 21:58:12,245 - INFO - Quality Filter: Dropped 54.1% of pixels (Clouds/Poor QA).
2026-02-03 21:58:12,279 - INFO - Transforming coordinates to EPSG:32640...
2026-02-03 22:05:05,301 - INFO - Loading VIIRS Scene: VNP21.A2025225.0924.002.2025228022303.nc
2026-02-03 22:05:07,598 - INFO - Quality Filter: Dropped 39.3% of pixels (Clouds/Poor QA).
2026-02-03 22:05:07,626 - INFO - Transforming coordinates to EPSG:32640...
2026-02-04 02:43:32,752 - INFO - Loading VIIRS Scene: VNP21.A2025228.1006.002.2025228202607.nc
2026-02-04 02:43:35,567 - INFO - Quality Filter: Dropped 60.3% of pixels (Clouds/Poor QA).
2026-02-04 02:43:35,611 - INFO - Transforming coordinates to EPSG:32640...
2026-02-04 02:47:28,173 - INFO - Loading VIIRS Scene: VNP21.A2025229.0948.002.2025229203058.nc
2026-02-04 02:47:30,779 - INFO - Quality Filter: Dropped 50.9% of pixels (Clouds/Poor QA).
2026-02-04 02:47:30,810 - INFO - Transforming coordinates to EPSG:32640...
2026-02-04 02:54:41,041 - INFO - Loading VIIRS Scene: VNP21.A2025233.1012.002.2025234011610.nc
2026-02-04 02:54:43,640 - INFO - Quality Filter: Dropped 65.0% of pixels (Clouds/Poor QA).
2026-02-04 02:54:43,680 - INFO - Transforming coordinates to EPSG:32640...
2026-02-04 02:54:47,622 - INFO - Loading VIIRS Scene: VNP21.A2025235.0936.002.2025235204910.nc
2026-02-04 02:54:49,947 - INFO - Quality Filter: Dropped 39.4% of pixels (Clouds/Poor QA).
2026-02-04 02:54:49,991 - INFO - Transforming coordinates to EPSG:32640...
2026-02-04 03:05:49,563 - INFO - Loading VIIRS Scene: VNP21.A2025236.0918.002.2025236212814.nc
2026-02-04 03:05:51,713 - INFO - Quality Filter: Dropped 33.9% of pixels (Clouds/Poor QA).
2026-02-04 03:05:51,743 - INFO - Transforming coordinates to EPSG:32640...
2026-02-04 03:15:39,150 - INFO - Loading VIIRS Scene: VNP21.A2025237.0900.002.2025241052148.nc
2026-02-04 03:15:41,312 - INFO - Quality Filter: Dropped 35.3% of pixels (Clouds/Poor QA).
2026-02-04 03:15:41,340 - INFO - Transforming coordinates to EPSG:32640...
2026-02-04 03:21:26,079 - INFO - Loading VIIRS Scene: VNP21.A2025239.1000.002.2025241223039.nc
2026-02-04 03:21:28,302 - INFO - Quality Filter: Dropped 51.8% of pixels (Clouds/Poor QA).
2026-02-04 03:21:28,335 - INFO - Transforming coordinates to EPSG:32640...
2026-02-04 03:28:40,166 - INFO - Loading VIIRS Scene: VNP21.A2025241.0924.002.2025242043349.nc
2026-02-04 03:28:42,256 - INFO - Quality Filter: Dropped 33.5% of pixels (Clouds/Poor QA).
2026-02-04 03:28:42,288 - INFO - Transforming coordinates to EPSG:32640...
2026-02-04 03:38:58,438 - INFO - Loading VIIRS Scene: VNP21.A2025243.0848.002.2025243174249.nc
2026-02-04 03:39:00,520 - INFO - Quality Filter: Dropped 35.2% of pixels (Clouds/Poor QA).
2026-02-04 03:39:00,558 - INFO - Transforming coordinates to EPSG:32640...
2026-02-04 03:42:33,094 - INFO - Loading VIIRS Scene: VNP21.A2025245.0948.002.2025245202550.nc
2026-02-04 03:42:35,235 - INFO - Quality Filter: Dropped 42.5% of pixels (Clouds/Poor QA).
2026-02-04 03:42:35,273 - INFO - Transforming coordinates to EPSG:32640...
2026-02-04 03:51:54,392 - INFO - Loading VIIRS Scene: VNP21.A2025247.0912.002.2025247204937.nc
2026-02-04 03:51:57,362 - INFO - Quality Filter: Dropped 39.7% of pixels (Clouds/Poor QA).
2026-02-04 03:51:57,399 - INFO - Transforming coordinates to EPSG:32640...
2026-02-04 04:00:27,297 - INFO - Loading VIIRS Scene: VNP21.A2025249.1012.002.2025251135724.nc
2026-02-04 04:00:29,587 - INFO - Quality Filter: Dropped 55.3% of pixels (Clouds/Poor QA).
2026-02-04 04:00:29,618 - INFO - Transforming coordinates to EPSG:32640...
2026-02-04 04:05:18,725 - INFO - Loading VIIRS Scene: VNP21.A2025251.0936.002.2025251235831.nc
2026-02-04 04:05:20,769 - INFO - Quality Filter: Dropped 43.3% of pixels (Clouds/Poor QA).
2026-02-04 04:05:20,800 - INFO - Transforming coordinates to EPSG:32640...
2026-02-04 04:13:43,113 - INFO - Loading VIIRS Scene: VNP21.A2025254.1018.002.2025254211041.nc
2026-02-04 04:13:45,076 - INFO - Quality Filter: Dropped 60.8% of pixels (Clouds/Poor QA).
2026-02-04 04:13:45,104 - INFO - Transforming coordinates to EPSG:32640...
2026-02-04 04:15:51,775 - INFO - Loading VIIRS Scene: VNP21.A2025258.0906.002.2025258213923.nc
2026-02-04 04:15:53,831 - INFO - Quality Filter: Dropped 50.7% of pixels (Clouds/Poor QA).
2026-02-04 04:15:53,860 - INFO - Transforming coordinates to EPSG:32640...
2026-02-04 04:25:08,072 - INFO - Loading VIIRS Scene: VNP21.A2025261.0948.002.2025262145608.nc
2026-02-04 04:25:10,471 - INFO - Quality Filter: Dropped 49.8% of pixels (Clouds/Poor QA).
2026-02-04 04:25:10,504 - INFO - Transforming coordinates to EPSG:32640...
2026-02-04 04:34:19,954 - INFO - ----------------------------------------
2026-02-04 04:34:19,957 - INFO - Assembly Complete. Total Samples: 42,521
2026-02-04 04:34:21,035 - INFO - Saved to: c:\Users\nithi\Desktop\Uni_Stuff\Y3\FYP\data\final\phase2_training_table.csv
2026-02-04 04:34:21,037 - INFO - 
Columns Created:
2026-02-04 04:34:21,037 - INFO - ['urban_fraction', 'valid_pixels', 'ndvi_mean', 'albedo_mean', 'building_density_mean', 'road_density_mean', 'sand_mask_fraction', 'water_mask_full_fraction', 'viirs_lst', 'scene_id', 'pixel_x', 'pixel_y']
2026-02-04 04:34:21,097 - INFO - Average LST: 325.65 K
2026-02-04 04:34:21,098 - INFO - Closing file handles...
2026-03-14 15:52:00,357 - INFO - PHASE 2A: ASSEMBLY STARTED
2026-03-14 15:52:00,358 - INFO - ----------------------------------------
2026-03-14 15:52:00,527 - INFO - Found 33 VIIRS files to process.
2026-03-14 15:52:00,619 - INFO - Loading VIIRS Scene: VNP21.A2025182.0930.002.2025182214322.nc
2026-03-14 15:52:02,098 - INFO - Quality Filter: Dropped 33.2% of pixels (Clouds/Poor QA).
2026-03-14 15:52:02,121 - INFO - Transforming coordinates to EPSG:32640...
2026-03-14 15:56:11,262 - INFO - Loading VIIRS Scene: VNP21.A2025185.1012.002.2025196201715.nc
2026-03-14 15:56:12,498 - INFO - Quality Filter: Dropped 43.7% of pixels (Clouds/Poor QA).
2026-03-14 15:56:12,513 - INFO - Transforming coordinates to EPSG:32640...
2026-03-14 15:57:25,192 - INFO - Loading VIIRS Scene: VNP21.A2025192.0942.002.2025203153250.nc
2026-03-14 15:57:26,371 - INFO - Quality Filter: Dropped 44.3% of pixels (Clouds/Poor QA).
2026-03-14 15:57:26,387 - INFO - Transforming coordinates to EPSG:32640...
2026-03-14 16:00:20,703 - INFO - Loading VIIRS Scene: VNP21.A2025196.1006.002.2025204114411.nc
2026-03-14 16:00:21,876 - INFO - Quality Filter: Dropped 45.0% of pixels (Clouds/Poor QA).
2026-03-14 16:00:21,895 - INFO - Transforming coordinates to EPSG:32640...
2026-03-14 16:03:22,450 - INFO - Loading VIIRS Scene: VNP21.A2025199.0912.002.2025205031136.nc
2026-03-14 16:03:23,986 - INFO - Quality Filter: Dropped 40.6% of pixels (Clouds/Poor QA).
2026-03-14 16:03:24,006 - INFO - Transforming coordinates to EPSG:32640...
2026-03-14 16:07:14,034 - INFO - Loading VIIRS Scene: VNP21.A2025202.0954.002.2025206060244.nc
2026-03-14 16:07:15,226 - INFO - Quality Filter: Dropped 39.9% of pixels (Clouds/Poor QA).
2026-03-14 16:07:15,241 - INFO - Transforming coordinates to EPSG:32640...
2026-03-14 16:10:57,402 - INFO - Loading VIIRS Scene: VNP21.A2025205.0900.002.2025206202701.nc
2026-03-14 16:10:58,701 - INFO - Quality Filter: Dropped 37.2% of pixels (Clouds/Poor QA).
2026-03-14 16:10:58,715 - INFO - Transforming coordinates to EPSG:32640...
2026-03-14 16:13:34,569 - INFO - Loading VIIRS Scene: VNP21.A2025207.1000.002.2025210081239.nc
2026-03-14 16:13:35,747 - INFO - Quality Filter: Dropped 42.2% of pixels (Clouds/Poor QA).
2026-03-14 16:13:35,761 - INFO - Transforming coordinates to EPSG:32640...
2026-03-14 16:16:14,218 - INFO - Loading VIIRS Scene: VNP21.A2025208.0942.002.2025210114824.nc
2026-03-14 16:16:15,466 - INFO - Quality Filter: Dropped 41.7% of pixels (Clouds/Poor QA).
2026-03-14 16:16:15,482 - INFO - Transforming coordinates to EPSG:32640...
2026-03-14 16:19:44,483 - INFO - Loading VIIRS Scene: VNP21.A2025209.0924.002.2025210141406.nc
2026-03-14 16:19:45,808 - INFO - Quality Filter: Dropped 43.1% of pixels (Clouds/Poor QA).
2026-03-14 16:19:45,824 - INFO - Transforming coordinates to EPSG:32640...
2026-03-14 16:22:58,658 - INFO - Loading VIIRS Scene: VNP21.A2025210.0906.002.2025211062052.nc
2026-03-14 16:22:59,992 - INFO - Quality Filter: Dropped 43.4% of pixels (Clouds/Poor QA).
2026-03-14 16:23:00,007 - INFO - Transforming coordinates to EPSG:32640...
2026-03-14 16:26:21,346 - INFO - Loading VIIRS Scene: VNP21.A2025213.0948.002.2025213221401.nc
2026-03-14 16:26:22,609 - INFO - Quality Filter: Dropped 45.2% of pixels (Clouds/Poor QA).
2026-03-14 16:26:22,625 - INFO - Transforming coordinates to EPSG:32640...
2026-03-14 16:29:34,883 - INFO - Loading VIIRS Scene: VNP21.A2025217.1012.002.2025217205209.nc
2026-03-14 16:29:36,057 - INFO - Quality Filter: Dropped 52.4% of pixels (Clouds/Poor QA).
2026-03-14 16:29:36,070 - INFO - Transforming coordinates to EPSG:32640...
2026-03-14 16:29:57,197 - INFO - Loading VIIRS Scene: VNP21.A2025219.0936.002.2025219202320.nc
2026-03-14 16:29:58,380 - INFO - Quality Filter: Dropped 38.1% of pixels (Clouds/Poor QA).
2026-03-14 16:29:58,398 - INFO - Transforming coordinates to EPSG:32640...
2026-03-14 16:34:18,308 - INFO - Loading VIIRS Scene: VNP21.A2025220.0918.002.2025220202854.nc
2026-03-14 16:34:19,827 - INFO - Quality Filter: Dropped 36.1% of pixels (Clouds/Poor QA).
2026-03-14 16:34:19,857 - INFO - Transforming coordinates to EPSG:32640...
2026-03-14 16:38:49,495 - INFO - Loading VIIRS Scene: VNP21.A2025223.1000.002.2025225172851.nc
2026-03-14 16:38:51,161 - INFO - Quality Filter: Dropped 54.1% of pixels (Clouds/Poor QA).
2026-03-14 16:38:51,183 - INFO - Transforming coordinates to EPSG:32640...
2026-03-14 16:41:46,160 - INFO - Loading VIIRS Scene: VNP21.A2025225.0924.002.2025228022303.nc
2026-03-14 16:41:47,628 - INFO - Quality Filter: Dropped 39.3% of pixels (Clouds/Poor QA).
2026-03-14 16:41:47,651 - INFO - Transforming coordinates to EPSG:32640...
2026-03-14 16:47:32,702 - INFO - Loading VIIRS Scene: VNP21.A2025228.1006.002.2025228202607.nc
2026-03-14 16:47:33,887 - INFO - Quality Filter: Dropped 60.3% of pixels (Clouds/Poor QA).
2026-03-14 16:47:33,903 - INFO - Transforming coordinates to EPSG:32640...
2026-03-14 16:49:33,982 - INFO - Loading VIIRS Scene: VNP21.A2025229.0948.002.2025229203058.nc
2026-03-14 16:49:35,372 - INFO - Quality Filter: Dropped 50.9% of pixels (Clouds/Poor QA).
2026-03-14 16:49:35,388 - INFO - Transforming coordinates to EPSG:32640...
2026-03-14 16:52:33,655 - INFO - Loading VIIRS Scene: VNP21.A2025233.1012.002.2025234011610.nc
2026-03-14 16:52:34,924 - INFO - Quality Filter: Dropped 65.0% of pixels (Clouds/Poor QA).
2026-03-14 16:52:34,940 - INFO - Transforming coordinates to EPSG:32640...
2026-03-14 16:52:36,885 - INFO - Loading VIIRS Scene: VNP21.A2025235.0936.002.2025235204910.nc
2026-03-14 16:52:38,137 - INFO - Quality Filter: Dropped 39.4% of pixels (Clouds/Poor QA).
2026-03-14 16:52:38,151 - INFO - Transforming coordinates to EPSG:32640...
2026-03-14 16:57:26,865 - INFO - Loading VIIRS Scene: VNP21.A2025236.0918.002.2025236212814.nc
2026-03-14 16:57:28,158 - INFO - Quality Filter: Dropped 33.9% of pixels (Clouds/Poor QA).
2026-03-14 16:57:28,173 - INFO - Transforming coordinates to EPSG:32640...
2026-03-14 17:01:59,584 - INFO - Loading VIIRS Scene: VNP21.A2025237.0900.002.2025241052148.nc
2026-03-14 17:02:00,958 - INFO - Quality Filter: Dropped 35.3% of pixels (Clouds/Poor QA).
2026-03-14 17:02:00,982 - INFO - Transforming coordinates to EPSG:32640...
2026-03-14 17:04:25,028 - INFO - Loading VIIRS Scene: VNP21.A2025239.1000.002.2025241223039.nc
2026-03-14 17:04:26,283 - INFO - Quality Filter: Dropped 51.8% of pixels (Clouds/Poor QA).
2026-03-14 17:04:26,297 - INFO - Transforming coordinates to EPSG:32640...
2026-03-14 17:07:31,015 - INFO - Loading VIIRS Scene: VNP21.A2025241.0924.002.2025242043349.nc
2026-03-14 17:07:32,294 - INFO - Quality Filter: Dropped 33.5% of pixels (Clouds/Poor QA).
2026-03-14 17:07:32,309 - INFO - Transforming coordinates to EPSG:32640...
2026-03-14 17:12:25,101 - INFO - Loading VIIRS Scene: VNP21.A2025243.0848.002.2025243174249.nc
2026-03-14 17:12:26,472 - INFO - Quality Filter: Dropped 35.2% of pixels (Clouds/Poor QA).
2026-03-14 17:12:26,499 - INFO - Transforming coordinates to EPSG:32640...
2026-03-14 17:14:13,524 - INFO - Loading VIIRS Scene: VNP21.A2025245.0948.002.2025245202550.nc
2026-03-14 17:14:14,848 - INFO - Quality Filter: Dropped 42.5% of pixels (Clouds/Poor QA).
2026-03-14 17:14:14,865 - INFO - Transforming coordinates to EPSG:32640...
2026-03-14 17:18:13,087 - INFO - Loading VIIRS Scene: VNP21.A2025247.0912.002.2025247204937.nc
2026-03-14 17:18:14,375 - INFO - Quality Filter: Dropped 39.7% of pixels (Clouds/Poor QA).
2026-03-14 17:18:14,393 - INFO - Transforming coordinates to EPSG:32640...
2026-03-14 17:21:59,420 - INFO - Loading VIIRS Scene: VNP21.A2025249.1012.002.2025251135724.nc
2026-03-14 17:22:00,751 - INFO - Quality Filter: Dropped 55.3% of pixels (Clouds/Poor QA).
2026-03-14 17:22:00,766 - INFO - Transforming coordinates to EPSG:32640...
2026-03-14 17:24:16,359 - INFO - Loading VIIRS Scene: VNP21.A2025251.0936.002.2025251235831.nc
2026-03-14 17:24:17,711 - INFO - Quality Filter: Dropped 43.3% of pixels (Clouds/Poor QA).
2026-03-14 17:24:17,727 - INFO - Transforming coordinates to EPSG:32640...
2026-03-14 17:28:21,006 - INFO - Loading VIIRS Scene: VNP21.A2025254.1018.002.2025254211041.nc
2026-03-14 17:28:22,239 - INFO - Quality Filter: Dropped 60.8% of pixels (Clouds/Poor QA).
2026-03-14 17:28:22,254 - INFO - Transforming coordinates to EPSG:32640...
2026-03-14 17:29:16,070 - INFO - Loading VIIRS Scene: VNP21.A2025258.0906.002.2025258213923.nc
2026-03-14 17:29:17,367 - INFO - Quality Filter: Dropped 50.7% of pixels (Clouds/Poor QA).
2026-03-14 17:29:17,383 - INFO - Transforming coordinates to EPSG:32640...
2026-03-14 17:32:51,315 - INFO - Loading VIIRS Scene: VNP21.A2025261.0948.002.2025262145608.nc
2026-03-14 17:32:52,650 - INFO - Quality Filter: Dropped 49.8% of pixels (Clouds/Poor QA).
2026-03-14 17:32:52,665 - INFO - Transforming coordinates to EPSG:32640...
2026-03-14 17:36:41,765 - INFO - ----------------------------------------
2026-03-14 17:36:41,766 - INFO - Assembly Complete. Total Samples: 42,521
2026-03-14 17:36:42,457 - INFO - Saved to: C:\Users\nithi\Desktop\Uni_Stuff\Y3\FYP\data\final\phase2_training_table.csv
2026-03-14 17:36:42,457 - INFO - 
Columns Created:
2026-03-14 17:36:42,458 - INFO - ['urban_fraction', 'valid_pixels', 'ndvi_mean', 'ndvi_std', 'albedo_mean', 'albedo_std', 'building_density_mean', 'building_density_std', 'road_density_mean', 'road_density_std', 'sand_mask_fraction', 'water_mask_full_fraction', 'viirs_lst', 'scene_id', 'pixel_x', 'pixel_y']
2026-03-14 17:36:42,493 - INFO - Average LST: 325.65 K
2026-03-14 17:36:42,494 - INFO - Closing file handles...
