2026-02-22 12:27:25,494 - INFO - PHASE 3B: NIGHTTIME ASSEMBLY STARTED
2026-02-22 12:27:25,495 - INFO - ----------------------------------------
2026-02-22 12:27:25,879 - INFO - Found 37 VIIRS nighttime files to process.
2026-02-22 12:27:26,036 - INFO - Loading VIIRS Scene: VNP21.A2025182.2154.002.2025183142816.nc
2026-02-22 12:27:27,636 - INFO - Quality Filter: Dropped 44.9% of pixels (Clouds/Poor QA).
2026-02-22 12:27:27,662 - INFO - Transforming coordinates to EPSG:32640...
2026-02-22 12:29:33,919 - INFO - Loading VIIRS Scene: VNP21.A2025185.2242.002.2025196201957.nc
2026-02-22 12:29:35,290 - INFO - Quality Filter: Dropped 57.9% of pixels (Clouds/Poor QA).
2026-02-22 12:29:35,314 - INFO - Transforming coordinates to EPSG:32640...
2026-02-22 12:30:03,696 - INFO - Loading VIIRS Scene: VNP21.A2025192.2206.002.2025203154535.nc
2026-02-22 12:30:05,019 - INFO - Quality Filter: Dropped 51.2% of pixels (Clouds/Poor QA).
2026-02-22 12:30:05,038 - INFO - Transforming coordinates to EPSG:32640...
2026-02-22 12:30:16,153 - INFO - Loading VIIRS Scene: VNP21.A2025196.2236.002.2025204114921.nc
2026-02-22 12:30:17,571 - INFO - Quality Filter: Dropped 58.0% of pixels (Clouds/Poor QA).
2026-02-22 12:30:17,594 - INFO - Transforming coordinates to EPSG:32640...
2026-02-22 12:31:53,818 - INFO - Loading VIIRS Scene: VNP21.A2025199.2136.002.2025205031715.nc
2026-02-22 12:31:55,180 - INFO - Quality Filter: Dropped 62.9% of pixels (Clouds/Poor QA).
2026-02-22 12:31:55,200 - INFO - Transforming coordinates to EPSG:32640...
2026-02-22 12:34:39,749 - INFO - Loading VIIRS Scene: VNP21.A2025202.2218.002.2025206061121.nc
2026-02-22 12:34:41,117 - INFO - Quality Filter: Dropped 42.0% of pixels (Clouds/Poor QA).
2026-02-22 12:34:41,135 - INFO - Transforming coordinates to EPSG:32640...
2026-02-22 12:36:12,500 - INFO - Loading VIIRS Scene: VNP21.A2025205.2124.002.2025207070117.nc
2026-02-22 12:36:13,692 - INFO - Quality Filter: Dropped 72.0% of pixels (Clouds/Poor QA).
2026-02-22 12:36:13,716 - INFO - Transforming coordinates to EPSG:32640...
2026-02-22 12:37:22,381 - INFO - Loading VIIRS Scene: VNP21.A2025207.2224.002.2025210081255.nc
2026-02-22 12:37:23,746 - INFO - Quality Filter: Dropped 39.0% of pixels (Clouds/Poor QA).
2026-02-22 12:37:23,766 - INFO - Transforming coordinates to EPSG:32640...
2026-02-22 12:37:31,937 - INFO - Loading VIIRS Scene: VNP21.A2025207.2230.002.2025210082402.nc
2026-02-22 12:37:33,247 - INFO - Quality Filter: Dropped 70.8% of pixels (Clouds/Poor QA).
2026-02-22 12:37:33,262 - INFO - Transforming coordinates to EPSG:32640...
2026-02-22 12:38:41,713 - INFO - Loading VIIRS Scene: VNP21.A2025208.2206.002.2025210115457.nc
2026-02-22 12:38:43,052 - INFO - Quality Filter: Dropped 44.5% of pixels (Clouds/Poor QA).
2026-02-22 12:38:43,066 - INFO - Transforming coordinates to EPSG:32640...
2026-02-22 12:42:50,607 - INFO - Loading VIIRS Scene: VNP21.A2025209.2148.002.2025210205854.nc
2026-02-22 12:42:51,940 - INFO - Quality Filter: Dropped 54.1% of pixels (Clouds/Poor QA).
2026-02-22 12:42:51,957 - INFO - Transforming coordinates to EPSG:32640...
2026-02-22 12:46:54,038 - INFO - Loading VIIRS Scene: VNP21.A2025210.2130.002.2025211161939.nc
2026-02-22 12:46:55,161 - INFO - Quality Filter: Dropped 70.2% of pixels (Clouds/Poor QA).
2026-02-22 12:46:55,175 - INFO - Transforming coordinates to EPSG:32640...
2026-02-22 12:50:05,216 - INFO - Loading VIIRS Scene: VNP21.A2025213.2212.002.2025214130931.nc
2026-02-22 12:50:07,029 - INFO - Quality Filter: Dropped 37.9% of pixels (Clouds/Poor QA).
2026-02-22 12:50:07,043 - INFO - Transforming coordinates to EPSG:32640...
2026-02-22 12:53:12,063 - INFO - Loading VIIRS Scene: VNP21.A2025217.2242.002.2025218120321.nc
2026-02-22 12:53:13,334 - INFO - Quality Filter: Dropped 63.5% of pixels (Clouds/Poor QA).
2026-02-22 12:53:13,349 - INFO - Transforming coordinates to EPSG:32640...
2026-02-22 12:54:32,746 - INFO - Loading VIIRS Scene: VNP21.A2025219.2200.002.2025220121249.nc
2026-02-22 12:54:34,127 - INFO - Quality Filter: Dropped 45.5% of pixels (Clouds/Poor QA).
2026-02-22 12:54:34,142 - INFO - Transforming coordinates to EPSG:32640...
2026-02-22 12:58:31,217 - INFO - Loading VIIRS Scene: VNP21.A2025220.2142.002.2025221134300.nc
2026-02-22 12:58:32,633 - INFO - Quality Filter: Dropped 54.2% of pixels (Clouds/Poor QA).
2026-02-22 12:58:32,649 - INFO - Transforming coordinates to EPSG:32640...
2026-02-22 13:02:32,532 - INFO - Loading VIIRS Scene: VNP21.A2025223.2224.002.2025225172055.nc
2026-02-22 13:02:34,017 - INFO - Quality Filter: Dropped 37.8% of pixels (Clouds/Poor QA).
2026-02-22 13:02:34,032 - INFO - Transforming coordinates to EPSG:32640...
2026-02-22 13:03:36,375 - INFO - Loading VIIRS Scene: VNP21.A2025223.2230.002.2025225172936.nc
2026-02-22 13:03:37,770 - INFO - Quality Filter: Dropped 69.9% of pixels (Clouds/Poor QA).
2026-02-22 13:03:37,785 - INFO - Transforming coordinates to EPSG:32640...
2026-02-22 13:06:29,264 - INFO - Loading VIIRS Scene: VNP21.A2025225.2148.002.2025228023231.nc
2026-02-22 13:06:31,006 - INFO - Quality Filter: Dropped 55.6% of pixels (Clouds/Poor QA).
2026-02-22 13:06:31,029 - INFO - Transforming coordinates to EPSG:32640...
2026-02-22 13:11:00,277 - INFO - Loading VIIRS Scene: VNP21.A2025224.2206.002.2025227232908.nc
2026-02-22 13:11:02,149 - INFO - Quality Filter: Dropped 41.3% of pixels (Clouds/Poor QA).
2026-02-22 13:11:02,173 - INFO - Transforming coordinates to EPSG:32640...
2026-02-22 13:17:22,605 - INFO - Loading VIIRS Scene: VNP21.A2025228.2236.002.2025229102348.nc
2026-02-22 13:17:24,045 - INFO - Quality Filter: Dropped 82.2% of pixels (Clouds/Poor QA).
2026-02-22 13:17:24,067 - INFO - Transforming coordinates to EPSG:32640...
2026-02-22 13:18:01,380 - INFO - Loading VIIRS Scene: VNP21.A2025229.2212.002.2025230214601.nc
2026-02-22 13:18:02,720 - INFO - Quality Filter: Dropped 40.5% of pixels (Clouds/Poor QA).
2026-02-22 13:18:02,741 - INFO - Transforming coordinates to EPSG:32640...
2026-02-22 13:19:53,754 - INFO - Loading VIIRS Scene: VNP21.A2025233.2242.002.2025234122809.nc
2026-02-22 13:19:55,242 - INFO - Quality Filter: Dropped 86.9% of pixels (Clouds/Poor QA).
2026-02-22 13:19:55,260 - INFO - Transforming coordinates to EPSG:32640...
2026-02-22 13:19:57,296 - INFO - Loading VIIRS Scene: VNP21.A2025235.2200.002.2025236113607.nc
2026-02-22 13:19:58,998 - INFO - Quality Filter: Dropped 35.4% of pixels (Clouds/Poor QA).
2026-02-22 13:19:59,019 - INFO - Transforming coordinates to EPSG:32640...
2026-02-22 13:26:00,998 - INFO - Loading VIIRS Scene: VNP21.A2025236.2142.002.2025237125433.nc
2026-02-22 13:26:02,695 - INFO - Quality Filter: Dropped 54.9% of pixels (Clouds/Poor QA).
2026-02-22 13:26:02,709 - INFO - Transforming coordinates to EPSG:32640...
2026-02-22 13:29:24,724 - INFO - Loading VIIRS Scene: VNP21.A2025237.2124.002.2025241052436.nc
2026-02-22 13:29:26,710 - INFO - Quality Filter: Dropped 71.9% of pixels (Clouds/Poor QA).
2026-02-22 13:29:26,728 - INFO - Transforming coordinates to EPSG:32640...
2026-02-22 13:31:16,466 - INFO - Loading VIIRS Scene: VNP21.A2025239.2230.002.2025241224345.nc
2026-02-22 13:31:17,917 - INFO - Quality Filter: Dropped 80.6% of pixels (Clouds/Poor QA).
2026-02-22 13:31:17,936 - INFO - Transforming coordinates to EPSG:32640...
2026-02-22 13:35:02,362 - INFO - Loading VIIRS Scene: VNP21.A2025241.2148.002.2025242131355.nc
2026-02-22 13:35:03,849 - INFO - Quality Filter: Dropped 44.3% of pixels (Clouds/Poor QA).
2026-02-22 13:35:03,866 - INFO - Transforming coordinates to EPSG:32640...
2026-02-22 13:38:44,931 - INFO - Loading VIIRS Scene: VNP21.A2025243.2254.002.2025244161635.nc
2026-02-22 13:38:46,500 - INFO - Quality Filter: Dropped 52.4% of pixels (Clouds/Poor QA).
2026-02-22 13:38:46,518 - INFO - Transforming coordinates to EPSG:32640...
2026-02-22 13:39:00,541 - INFO - Loading VIIRS Scene: VNP21.A2025245.2212.002.2025246143306.nc
2026-02-22 13:39:01,903 - INFO - Quality Filter: Dropped 30.4% of pixels (Clouds/Poor QA).
2026-02-22 13:39:01,917 - INFO - Transforming coordinates to EPSG:32640...
2026-02-22 13:40:35,504 - INFO - Loading VIIRS Scene: VNP21.A2025247.2136.002.2025248141439.nc
2026-02-22 13:40:36,829 - INFO - Quality Filter: Dropped 56.5% of pixels (Clouds/Poor QA).
2026-02-22 13:40:36,844 - INFO - Transforming coordinates to EPSG:32640...
2026-02-22 13:44:46,297 - INFO - Loading VIIRS Scene: VNP21.A2025249.2242.002.2025251143309.nc
2026-02-22 13:44:48,119 - INFO - Quality Filter: Dropped 57.7% of pixels (Clouds/Poor QA).
2026-02-22 13:44:48,135 - INFO - Transforming coordinates to EPSG:32640...
2026-02-22 13:47:19,439 - INFO - Loading VIIRS Scene: VNP21.A2025251.2200.002.2025252233521.nc
2026-02-22 13:47:20,843 - INFO - Quality Filter: Dropped 39.4% of pixels (Clouds/Poor QA).
2026-02-22 13:47:20,861 - INFO - Transforming coordinates to EPSG:32640...
2026-02-22 13:51:55,945 - INFO - Loading VIIRS Scene: VNP21.A2025254.2248.002.2025255120716.nc
2026-02-22 13:51:57,256 - INFO - Quality Filter: Dropped 55.8% of pixels (Clouds/Poor QA).
2026-02-22 13:51:57,271 - INFO - Transforming coordinates to EPSG:32640...
2026-02-22 13:52:42,067 - INFO - Loading VIIRS Scene: VNP21.A2025258.2130.002.2025259121809.nc
2026-02-22 13:52:43,454 - INFO - Quality Filter: Dropped 57.3% of pixels (Clouds/Poor QA).
2026-02-22 13:52:43,473 - INFO - Transforming coordinates to EPSG:32640...
2026-02-22 13:56:16,641 - INFO - Loading VIIRS Scene: VNP21.A2025260.2236.002.2025261201534.nc
2026-02-22 13:56:18,129 - INFO - Quality Filter: Dropped 64.0% of pixels (Clouds/Poor QA).
2026-02-22 13:56:18,148 - INFO - Transforming coordinates to EPSG:32640...
2026-02-22 13:59:18,924 - INFO - Loading VIIRS Scene: VNP21.A2025261.2218.002.2025262145719.nc
2026-02-22 13:59:20,263 - INFO - Quality Filter: Dropped 66.3% of pixels (Clouds/Poor QA).
2026-02-22 13:59:20,283 - INFO - Transforming coordinates to EPSG:32640...
2026-02-22 14:03:37,234 - INFO - ----------------------------------------
2026-02-22 14:03:37,236 - INFO - Assembly Complete. Total Samples: 38,860
2026-02-22 14:03:37,787 - INFO - Saved to: c:\Users\nithi\Desktop\Uni_Stuff\Y3\FYP\data\final\phase3b_training_table.csv
2026-02-22 14:03:37,787 - INFO - 
Columns Created:
2026-02-22 14:03:37,788 - INFO - ['urban_fraction', 'valid_pixels', 'ndvi_mean', 'albedo_mean', 'building_density_mean', 'height_mean', 'road_density_mean', 'sand_mask_fraction', 'water_mask_full_fraction', 'dist_to_coast_mean', 'nighttime_lst', 'scene_id', 'pixel_x', 'pixel_y']
2026-02-22 14:03:37,813 - INFO - Average Nighttime LST: 304.77 K
2026-02-22 14:03:37,813 - INFO - Closing file handles...
